> Task :clean
> Task :compileJava
> Task :processResources
> Task :classes
> Task :compileTestJava
> Task :processTestResources
> Task :testClasses
OpenJDK 64-Bit Server VM warning: Sharing is only supported for boot loader classes because bootstrap classpath has been appended
2025-05-16T20:28:59.875+09:00  INFO 21421 --- [ionShutdownHook] j.LocalContainerEntityManagerFactoryBean : Closing JPA EntityManagerFactory for persistence unit 'default'
2025-05-16T20:28:59.875+09:00 TRACE 21421 --- [ionShutdownHook] o.h.type.spi.TypeConfiguration$Scope     : Handling #sessionFactoryClosed from [org.hibernate.internal.SessionFactoryImpl@7fa2473a] for TypeConfiguration
2025-05-16T20:28:59.875+09:00 DEBUG 21421 --- [ionShutdownHook] o.h.type.spi.TypeConfiguration$Scope     : Un-scoping TypeConfiguration [org.hibernate.type.spi.TypeConfiguration$Scope@7eeb1687] from SessionFactory [org.hibernate.internal.SessionFactoryImpl@7fa2473a]
2025-05-16T20:28:59.876+09:00  INFO 21421 --- [ionShutdownHook] com.zaxxer.hikari.HikariDataSource       : HikariPool-1 - Shutdown initiated...
2025-05-16T20:28:59.878+09:00  INFO 21421 --- [ionShutdownHook] com.zaxxer.hikari.HikariDataSource       : HikariPool-1 - Shutdown completed.
> Task :test

BUILD SUCCESSFUL in 4s
6 actionable tasks: 6 executed
